// Jest Snapshot v1, https://goo.gl/fbAQLP

exports[`Snapshot testing Header.js Rendering header with title 1`] = `"<div class=\\"header\\"><h2 class=\\"header__title\\">Header - class component!</h2><div id=\\"header-title\\" data-testid=\\"testTitle\\">TEST_TITLE</div></div>"`;

exports[`Snapshot testing Header.js Rendering header with user 1`] = `"<div class=\\"header\\"><h2 class=\\"header__title\\">Header - class component!</h2><div id=\\"header-title\\" data-testid=\\"testTitle\\">Default title</div><div id=\\"user-login\\">TEST_USER</div></div>"`;

exports[`Snapshot testing Header.js Simple header render 1`] = `"<div class=\\"header\\"><h2 class=\\"header__title\\">Header - class component!</h2><div id=\\"header-title\\" data-testid=\\"testTitle\\">Default title</div></div>"`;
